#
# There is insufficient memory for the Java Runtime Environment to continue.
# Native memory allocation (malloc) failed to allocate 1657232 bytes. Error detail: Chunk::new
# Possible reasons:
#   The system is out of physical RAM or swap space
#   This process is running with CompressedOops enabled, and the Java Heap may be blocking the growth of the native heap
# Possible solutions:
#   Reduce memory load on the system
#   Increase physical memory or swap space
#   Check if swap backing store is full
#   Decrease Java heap size (-Xmx/-Xms)
#   Decrease number of Java threads
#   Decrease Java thread stack sizes (-Xss)
#   Set larger code cache with -XX:ReservedCodeCacheSize=
#   JVM is running with Unscaled Compressed Oops mode in which the Java heap is
#     placed in the first 4GB address space. The Java Heap base address is the
#     maximum limit for the native heap growth. Please use -XX:HeapBaseMinAddress
#     to set the Java Heap base and to place the Java Heap above 4GB virtual address.
# This output file may be truncated or incomplete.
#
#  Out of Memory Error (arena.cpp:168), pid=28304, tid=5856
#
# JRE version: OpenJDK Runtime Environment Temurin-21.0.10+7 (21.0.10+7) (build 21.0.10+7-LTS)
# Java VM: OpenJDK 64-Bit Server VM Temurin-21.0.10+7 (21.0.10+7-LTS, mixed mode, sharing, tiered, compressed oops, compressed class ptrs, parallel gc, windows-amd64)
# No core dump will be written. Minidumps are not enabled by default on client versions of Windows
#

---------------  S U M M A R Y ------------

Command Line: --add-modules=ALL-SYSTEM --add-opens=java.base/java.util=ALL-UNNAMED --add-opens=java.base/java.lang=ALL-UNNAMED --add-opens=java.base/sun.nio.fs=ALL-UNNAMED -Declipse.application=org.eclipse.jdt.ls.core.id1 -Dosgi.bundles.defaultStartLevel=4 -Declipse.product=org.eclipse.jdt.ls.core.product -Djava.import.generatesMetadataFilesAtProjectRoot=false -DDetectVMInstallationsJob.disabled=true -Dfile.encoding=utf8 -XX:+UseParallelGC -XX:GCTimeRatio=4 -XX:AdaptiveSizePolicyWeight=90 -Dsun.zip.disableMemoryMapping=true -Xmx2G -Xms100m -Xlog:disable -javaagent:c:\Users\bruno\.vscode\extensions\redhat.java-1.54.0-win32-x64\lombok\lombok-1.18.39-4050.jar -XX:+HeapDumpOnOutOfMemoryError -XX:HeapDumpPath=c:\Users\bruno\AppData\Roaming\Code\User\workspaceStorage\afadeac2608f202320bfb978e9fab486\redhat.java -Daether.dependencyCollector.impl=bf c:\Users\bruno\.vscode\extensions\redhat.java-1.54.0-win32-x64\server\plugins\org.eclipse.equinox.launcher_1.7.100.v20251111-0406.jar -configuration c:\Users\bruno\AppData\Roaming\Code\User\globalStorage\redhat.java\1.54.0\config_win -data c:\Users\bruno\AppData\Roaming\Code\User\workspaceStorage\afadeac2608f202320bfb978e9fab486\redhat.java\jdt_ws --pipe=\\.\pipe\lsp-996cb30a7279d47769800d3c9471f0e7-sock

Host: 13th Gen Intel(R) Core(TM) i5-13420H, 12 cores, 15G,  Windows 11 , 64 bit Build 26100 (10.0.26100.8521)
Time: Tue Jun 16 14:40:09 2026 Montevideo Standard Time elapsed time: 11.901404 seconds (0d 0h 0m 11s)

---------------  T H R E A D  ---------------

Current thread (0x000001fd5460d020):  JavaThread "C2 CompilerThread0" daemon [_thread_in_native, id=5856, stack(0x0000003073000000,0x0000003073100000) (1024K)]


Current CompileTask:
C2:11901 3170       4       java.lang.invoke.MethodType::makeImpl (109 bytes)

Stack: [0x0000003073000000,0x0000003073100000]
Native frames: (J=compiled Java code, j=interpreted, Vv=VM code, C=native code)
V  [jvm.dll+0x6d7a39]
V  [jvm.dll+0x8b4b26]
V  [jvm.dll+0x8b70de]
V  [jvm.dll+0x8b77c3]
V  [jvm.dll+0x284346]
V  [jvm.dll+0xc66ed]
V  [jvm.dll+0xc6c31]
V  [jvm.dll+0x3bec3b]
V  [jvm.dll+0x38b162]
V  [jvm.dll+0x38a5aa]
V  [jvm.dll+0x24c560]
V  [jvm.dll+0x24bb40]
V  [jvm.dll+0x1cb34e]
V  [jvm.dll+0x25b85d]
V  [jvm.dll+0x259dea]
V  [jvm.dll+0x3f857e]
V  [jvm.dll+0x85f59d]
V  [jvm.dll+0x6d626d]
C  [ucrtbase.dll+0x2cd30]
C  [KERNEL32.DLL+0x2e957]
C  [ntdll.dll+0x87c1c]


---------------  P R O C E S S  ---------------

Threads class SMR info:
_java_thread_list=0x000001fd9ca2a2b0, length=21, elements={
0x000001fd3db6d350, 0x000001fd545f9370, 0x000001fd545fab40, 0x000001fd54603a40,
0x000001fd546064b0, 0x000001fd54608470, 0x000001fd5460a430, 0x000001fd5460d020,
0x000001fd969e6540, 0x000001fd96c2dc80, 0x000001fd96ca5bb0, 0x000001fd9c167720,
0x000001fd9c87f540, 0x000001fd9ccb1c00, 0x000001fd9c9e6950, 0x000001fd9c896df0,
0x000001fd9d322c20, 0x000001fd9d24acc0, 0x000001fd9ccac200, 0x000001fd9ccadc40,
0x000001fd9ccacf20
}

Java Threads: ( => current thread )
  0x000001fd3db6d350 JavaThread "main"                              [_thread_blocked, id=22960, stack(0x0000003072600000,0x0000003072700000) (1024K)]
  0x000001fd545f9370 JavaThread "Reference Handler"          daemon [_thread_blocked, id=10340, stack(0x0000003072a00000,0x0000003072b00000) (1024K)]
  0x000001fd545fab40 JavaThread "Finalizer"                  daemon [_thread_blocked, id=10300, stack(0x0000003072b00000,0x0000003072c00000) (1024K)]
  0x000001fd54603a40 JavaThread "Signal Dispatcher"          daemon [_thread_blocked, id=9804, stack(0x0000003072c00000,0x0000003072d00000) (1024K)]
  0x000001fd546064b0 JavaThread "Attach Listener"            daemon [_thread_blocked, id=32940, stack(0x0000003072d00000,0x0000003072e00000) (1024K)]
  0x000001fd54608470 JavaThread "Service Thread"             daemon [_thread_blocked, id=32976, stack(0x0000003072e00000,0x0000003072f00000) (1024K)]
  0x000001fd5460a430 JavaThread "Monitor Deflation Thread"   daemon [_thread_blocked, id=22920, stack(0x0000003072f00000,0x0000003073000000) (1024K)]
=>0x000001fd5460d020 JavaThread "C2 CompilerThread0"         daemon [_thread_in_native, id=5856, stack(0x0000003073000000,0x0000003073100000) (1024K)]
  0x000001fd969e6540 JavaThread "C1 CompilerThread0"         daemon [_thread_blocked, id=25680, stack(0x0000003073100000,0x0000003073200000) (1024K)]
  0x000001fd96c2dc80 JavaThread "Common-Cleaner"             daemon [_thread_blocked, id=4276, stack(0x0000003073300000,0x0000003073400000) (1024K)]
  0x000001fd96ca5bb0 JavaThread "Notification Thread"        daemon [_thread_blocked, id=27904, stack(0x0000003073400000,0x0000003073500000) (1024K)]
  0x000001fd9c167720 JavaThread "Active Thread: Equinox Container: 50c0e013-d2d2-40a7-9b86-e573beeaf7d1"        [_thread_blocked, id=11240, stack(0x0000003073c00000,0x0000003073d00000) (1024K)]
  0x000001fd9c87f540 JavaThread "Refresh Thread: Equinox Container: 50c0e013-d2d2-40a7-9b86-e573beeaf7d1" daemon [_thread_blocked, id=17512, stack(0x0000003073e00000,0x0000003073f00000) (1024K)]
  0x000001fd9ccb1c00 JavaThread "Framework Event Dispatcher: Equinox Container: 50c0e013-d2d2-40a7-9b86-e573beeaf7d1" daemon [_thread_blocked, id=3896, stack(0x0000003073f00000,0x0000003074000000) (1024K)]
  0x000001fd9c9e6950 JavaThread "Start Level: Equinox Container: 50c0e013-d2d2-40a7-9b86-e573beeaf7d1" daemon [_thread_in_vm, id=21664, stack(0x0000003074000000,0x0000003074100000) (1024K)]
  0x000001fd9c896df0 JavaThread "Bundle File Closer"         daemon [_thread_blocked, id=11332, stack(0x0000003074300000,0x0000003074400000) (1024K)]
  0x000001fd9d322c20 JavaThread "SCR Component Actor"        daemon [_thread_blocked, id=13448, stack(0x0000003073200000,0x0000003073300000) (1024K)]
  0x000001fd9d24acc0 JavaThread "Worker-JM"                         [_thread_blocked, id=30944, stack(0x0000003073500000,0x0000003073600000) (1024K)]
  0x000001fd9ccac200 JavaThread "JNA Cleaner"                daemon [_thread_blocked, id=31236, stack(0x0000003074400000,0x0000003074500000) (1024K)]
  0x000001fd9ccadc40 JavaThread "Worker-0: Checking project encoding"        [_thread_blocked, id=28776, stack(0x0000003074500000,0x0000003074600000) (1024K)]
  0x000001fd9ccacf20 JavaThread "Worker-1"                          [_thread_blocked, id=30876, stack(0x0000003074600000,0x0000003074700000) (1024K)]
Total: 21

Other Threads:
  0x000001fd545f4880 VMThread "VM Thread"                           [id=17368, stack(0x0000003072900000,0x0000003072a00000) (1024K)]
  0x000001fd544eca00 WatcherThread "VM Periodic Task Thread"        [id=23988, stack(0x0000003072800000,0x0000003072900000) (1024K)]
  0x000001fd3db804c0 WorkerThread "GC Thread#0"                     [id=4412, stack(0x0000003072700000,0x0000003072800000) (1024K)]
  0x000001fd9c402ff0 WorkerThread "GC Thread#1"                     [id=13640, stack(0x0000003073600000,0x0000003073700000) (1024K)]
  0x000001fd9c4033a0 WorkerThread "GC Thread#2"                     [id=17568, stack(0x0000003073700000,0x0000003073800000) (1024K)]
  0x000001fd9c403750 WorkerThread "GC Thread#3"                     [id=17064, stack(0x0000003073800000,0x0000003073900000) (1024K)]
  0x000001fd9c5053f0 WorkerThread "GC Thread#4"                     [id=10112, stack(0x0000003073900000,0x0000003073a00000) (1024K)]
  0x000001fd9c5057a0 WorkerThread "GC Thread#5"                     [id=2952, stack(0x0000003073a00000,0x0000003073b00000) (1024K)]
  0x000001fd9c505b50 WorkerThread "GC Thread#6"                     [id=16548, stack(0x0000003073b00000,0x0000003073c00000) (1024K)]
  0x000001fd9c9d4c90 WorkerThread "GC Thread#7"                     [id=20652, stack(0x0000003073d00000,0x0000003073e00000) (1024K)]
  0x000001fd9cb07890 WorkerThread "GC Thread#8"                     [id=26752, stack(0x0000003074100000,0x0000003074200000) (1024K)]
  0x000001fd9ca648b0 WorkerThread "GC Thread#9"                     [id=23080, stack(0x0000003074200000,0x0000003074300000) (1024K)]
Total: 12

Threads with active compile tasks:
C2 CompilerThread0  11932 3170       4       java.lang.invoke.MethodType::makeImpl (109 bytes)
Total: 1

VM state: not at safepoint (normal execution)

VM Mutex/Monitor currently owned by a thread: None

Heap address: 0x0000000080000000, size: 2048 MB, Compressed Oops mode: 32-bit

CDS archive(s) mapped at: [0x000001fd55000000-0x000001fd55ba0000-0x000001fd55ba0000), size 12189696, SharedBaseAddress: 0x000001fd55000000, ArchiveRelocationMode: 1.
Compressed class space mapped at: 0x000001fd56000000-0x000001fd96000000, reserved size: 1073741824
Narrow klass base: 0x000001fd55000000, Narrow klass shift: 0, Narrow klass range: 0x100000000

GC Precious Log:
 CardTable entry size: 512
 CPUs: 12 total, 12 available
 Memory: 16013M
 Large Page Support: Disabled
 NUMA Support: Disabled
 Compressed Oops: Enabled (32-bit)
 Alignments: Space 512K, Generation 512K, Heap 2M
 Heap Min Capacity: 100M
 Heap Initial Capacity: 100M
 Heap Max Capacity: 2G
 Pre-touch: Disabled
 Parallel Workers: 10

Heap:
 PSYoungGen      total 29184K, used 19374K [0x00000000d5580000, 0x00000000d7a00000, 0x0000000100000000)
  eden space 25088K, 60% used [0x00000000d5580000,0x00000000d646ceb0,0x00000000d6e00000)
  from space 4096K, 99% used [0x00000000d6e80000,0x00000000d727ebf0,0x00000000d7280000)
  to   space 6144K, 0% used [0x00000000d7400000,0x00000000d7400000,0x00000000d7a00000)
 ParOldGen       total 68608K, used 8027K [0x0000000080000000, 0x0000000084300000, 0x00000000d5580000)
  object space 68608K, 11% used [0x0000000080000000,0x00000000807d6db8,0x0000000084300000)
 Metaspace       used 17868K, committed 18560K, reserved 1114112K
  class space    used 1879K, committed 2176K, reserved 1048576K

Card table byte_map: [0x000001fd3d500000,0x000001fd3d910000] _byte_map_base: 0x000001fd3d100000

Marking Bits: (ParMarkBitMap*) 0x00007fff71343450
 Begin Bits: [0x000001fd50010000, 0x000001fd52010000)
 End Bits:   [0x000001fd52010000, 0x000001fd54010000)

Polling page: 0x000001fd3bec0000

Metaspace:

Usage:
  Non-class:     15.61 MB used.
      Class:      1.84 MB used.
       Both:     17.45 MB used.

Virtual space:
  Non-class space:       64.00 MB reserved,      16.00 MB ( 25%) committed,  1 nodes.
      Class space:        1.00 GB reserved,       2.12 MB ( <1%) committed,  1 nodes.
             Both:        1.06 GB reserved,      18.12 MB (  2%) committed. 

Chunk freelists:
   Non-Class:  15.39 MB
       Class:  13.74 MB
        Both:  29.13 MB

MaxMetaspaceSize: unlimited
CompressedClassSpaceSize: 1.00 GB
Initial GC threshold: 21.00 MB
Current GC threshold: 21.00 MB
CDS: on
 - commit_granule_bytes: 65536.
 - commit_granule_words: 8192.
 - virtual_space_node_default_size: 8388608.
 - enlarge_chunks_in_place: 1.
 - use_allocation_guard: 0.


Internal statistics:

num_allocs_failed_limit: 0.
num_arena_births: 558.
num_arena_deaths: 0.
num_vsnodes_births: 2.
num_vsnodes_deaths: 0.
num_space_committed: 290.
num_space_uncommitted: 0.
num_chunks_returned_to_freelist: 0.
num_chunks_taken_from_freelist: 1219.
num_chunk_merges: 0.
num_chunk_splits: 771.
num_chunks_enlarged: 500.
num_inconsistent_stats: 0.

CodeHeap 'non-profiled nmethods': size=120000Kb used=1455Kb max_used=1455Kb free=118545Kb
 bounds [0x000001fd48830000, 0x000001fd48aa0000, 0x000001fd4fd60000]
CodeHeap 'profiled nmethods': size=120000Kb used=6523Kb max_used=6523Kb free=113476Kb
 bounds [0x000001fd40d60000, 0x000001fd413c0000, 0x000001fd48290000]
CodeHeap 'non-nmethods': size=5760Kb used=1276Kb max_used=1286Kb free=4483Kb
 bounds [0x000001fd48290000, 0x000001fd48500000, 0x000001fd48830000]
CodeCache: size=245760Kb, used=9254Kb, max_used=9264Kb, free=236504Kb
 total_blobs=3836, nmethods=3283, adapters=459, full_count=0
Compilation: enabled, stopped_count=0, restarted_count=0

Compilation events (20 events):
Event: 10.885 Thread 0x000001fd969e6540 3270       3       jdk.internal.org.objectweb.asm.Frame::setInputFrameFromDescriptor (175 bytes)
Event: 10.885 Thread 0x000001fd969e6540 nmethod 3270 0x000001fd413b6110 code [0x000001fd413b6340, 0x000001fd413b6a68]
Event: 10.885 Thread 0x000001fd969e6540 3273       3       java.lang.invoke.LambdaFormBuffer::insertName (106 bytes)
Event: 10.885 Thread 0x000001fd969e6540 nmethod 3273 0x000001fd413b6e90 code [0x000001fd413b7060, 0x000001fd413b7288]
Event: 10.886 Thread 0x000001fd969e6540 3276       3       jdk.internal.org.objectweb.asm.Type::getSort (19 bytes)
Event: 10.886 Thread 0x000001fd969e6540 nmethod 3276 0x000001fd413b7390 code [0x000001fd413b7520, 0x000001fd413b7670]
Event: 10.886 Thread 0x000001fd969e6540 3278       3       jdk.internal.org.objectweb.asm.SymbolTable::putBootstrapMethods (56 bytes)
Event: 10.886 Thread 0x000001fd969e6540 nmethod 3278 0x000001fd413b7710 code [0x000001fd413b7920, 0x000001fd413b7c40]
Event: 10.886 Thread 0x000001fd969e6540 3277       3       jdk.internal.org.objectweb.asm.FieldWriter::putFieldInfo (269 bytes)
Event: 10.887 Thread 0x000001fd969e6540 nmethod 3277 0x000001fd413b7e10 code [0x000001fd413b80a0, 0x000001fd413b8990]
Event: 10.887 Thread 0x000001fd969e6540 3281       3       jdk.internal.org.objectweb.asm.SymbolTable::addConstant (330 bytes)
Event: 10.887 Thread 0x000001fd969e6540 nmethod 3281 0x000001fd413b8d10 code [0x000001fd413b9280, 0x000001fd413bc270]
Event: 10.888 Thread 0x000001fd969e6540 3284       3       java.lang.invoke.MemberName::getFactory (4 bytes)
Event: 10.888 Thread 0x000001fd969e6540 nmethod 3284 0x000001fd413bcc90 code [0x000001fd413bce20, 0x000001fd413bcf18]
Event: 10.889 Thread 0x000001fd969e6540 3285   !   3       org.eclipse.osgi.framework.util.SecureAction::getZipFile (131 bytes)
Event: 10.890 Thread 0x000001fd969e6540 nmethod 3285 0x000001fd413bcf90 code [0x000001fd413bd280, 0x000001fd413bdfb0]
Event: 10.895 Thread 0x000001fd969e6540 3286       3       org.objectweb.asm.ClassReader::readUnsignedShort (26 bytes)
Event: 10.895 Thread 0x000001fd969e6540 nmethod 3286 0x000001fd413be610 code [0x000001fd413be7c0, 0x000001fd413be930]
Event: 11.138 Thread 0x000001fd969e6540 3288       3       java.util.concurrent.locks.AbstractQueuedSynchronizer::casTail (13 bytes)
Event: 11.138 Thread 0x000001fd969e6540 nmethod 3288 0x000001fd413bea10 code [0x000001fd413beba0, 0x000001fd413bece0]

GC Heap History (10 events):
Event: 1.880 GC heap before
{Heap before GC invocations=1 (full 0):
 PSYoungGen      total 29696K, used 25600K [0x00000000d5580000, 0x00000000d7680000, 0x0000000100000000)
  eden space 25600K, 100% used [0x00000000d5580000,0x00000000d6e80000,0x00000000d6e80000)
  from space 4096K, 0% used [0x00000000d7280000,0x00000000d7280000,0x00000000d7680000)
  to   space 4096K, 0% used [0x00000000d6e80000,0x00000000d6e80000,0x00000000d7280000)
 ParOldGen       total 68608K, used 0K [0x0000000080000000, 0x0000000084300000, 0x00000000d5580000)
  object space 68608K, 0% used [0x0000000080000000,0x0000000080000000,0x0000000084300000)
 Metaspace       used 4359K, committed 4608K, reserved 1114112K
  class space    used 474K, committed 576K, reserved 1048576K
}
Event: 1.886 GC heap after
{Heap after GC invocations=1 (full 0):
 PSYoungGen      total 29696K, used 3296K [0x00000000d5580000, 0x00000000d7680000, 0x0000000100000000)
  eden space 25600K, 0% used [0x00000000d5580000,0x00000000d5580000,0x00000000d6e80000)
  from space 4096K, 80% used [0x00000000d6e80000,0x00000000d71b8158,0x00000000d7280000)
  to   space 4096K, 0% used [0x00000000d7280000,0x00000000d7280000,0x00000000d7680000)
 ParOldGen       total 68608K, used 16K [0x0000000080000000, 0x0000000084300000, 0x00000000d5580000)
  object space 68608K, 0% used [0x0000000080000000,0x0000000080004000,0x0000000084300000)
 Metaspace       used 4359K, committed 4608K, reserved 1114112K
  class space    used 474K, committed 576K, reserved 1048576K
}
Event: 2.277 GC heap before
{Heap before GC invocations=2 (full 0):
 PSYoungGen      total 29696K, used 28896K [0x00000000d5580000, 0x00000000d7680000, 0x0000000100000000)
  eden space 25600K, 100% used [0x00000000d5580000,0x00000000d6e80000,0x00000000d6e80000)
  from space 4096K, 80% used [0x00000000d6e80000,0x00000000d71b8158,0x00000000d7280000)
  to   space 4096K, 0% used [0x00000000d7280000,0x00000000d7280000,0x00000000d7680000)
 ParOldGen       total 68608K, used 16K [0x0000000080000000, 0x0000000084300000, 0x00000000d5580000)
  object space 68608K, 0% used [0x0000000080000000,0x0000000080004000,0x0000000084300000)
 Metaspace       used 7985K, committed 8256K, reserved 1114112K
  class space    used 831K, committed 960K, reserved 1048576K
}
Event: 2.281 GC heap after
{Heap after GC invocations=2 (full 0):
 PSYoungGen      total 29696K, used 4080K [0x00000000d5580000, 0x00000000d7680000, 0x0000000100000000)
  eden space 25600K, 0% used [0x00000000d5580000,0x00000000d5580000,0x00000000d6e80000)
  from space 4096K, 99% used [0x00000000d7280000,0x00000000d767c148,0x00000000d7680000)
  to   space 4096K, 0% used [0x00000000d6e80000,0x00000000d6e80000,0x00000000d7280000)
 ParOldGen       total 68608K, used 2095K [0x0000000080000000, 0x0000000084300000, 0x00000000d5580000)
  object space 68608K, 3% used [0x0000000080000000,0x000000008020bfc0,0x0000000084300000)
 Metaspace       used 7985K, committed 8256K, reserved 1114112K
  class space    used 831K, committed 960K, reserved 1048576K
}
Event: 2.582 GC heap before
{Heap before GC invocations=3 (full 0):
 PSYoungGen      total 29696K, used 29680K [0x00000000d5580000, 0x00000000d7680000, 0x0000000100000000)
  eden space 25600K, 100% used [0x00000000d5580000,0x00000000d6e80000,0x00000000d6e80000)
  from space 4096K, 99% used [0x00000000d7280000,0x00000000d767c148,0x00000000d7680000)
  to   space 4096K, 0% used [0x00000000d6e80000,0x00000000d6e80000,0x00000000d7280000)
 ParOldGen       total 68608K, used 2095K [0x0000000080000000, 0x0000000084300000, 0x00000000d5580000)
  object space 68608K, 3% used [0x0000000080000000,0x000000008020bfc0,0x0000000084300000)
 Metaspace       used 9445K, committed 9792K, reserved 1114112K
  class space    used 1010K, committed 1152K, reserved 1048576K
}
Event: 2.586 GC heap after
{Heap after GC invocations=3 (full 0):
 PSYoungGen      total 29696K, used 4064K [0x00000000d5580000, 0x00000000d7680000, 0x0000000100000000)
  eden space 25600K, 0% used [0x00000000d5580000,0x00000000d5580000,0x00000000d6e80000)
  from space 4096K, 99% used [0x00000000d6e80000,0x00000000d7278168,0x00000000d7280000)
  to   space 4096K, 0% used [0x00000000d7280000,0x00000000d7280000,0x00000000d7680000)
 ParOldGen       total 68608K, used 4874K [0x0000000080000000, 0x0000000084300000, 0x00000000d5580000)
  object space 68608K, 7% used [0x0000000080000000,0x00000000804c2a78,0x0000000084300000)
 Metaspace       used 9445K, committed 9792K, reserved 1114112K
  class space    used 1010K, committed 1152K, reserved 1048576K
}
Event: 4.927 GC heap before
{Heap before GC invocations=4 (full 0):
 PSYoungGen      total 29696K, used 29664K [0x00000000d5580000, 0x00000000d7680000, 0x0000000100000000)
  eden space 25600K, 100% used [0x00000000d5580000,0x00000000d6e80000,0x00000000d6e80000)
  from space 4096K, 99% used [0x00000000d6e80000,0x00000000d7278168,0x00000000d7280000)
  to   space 4096K, 0% used [0x00000000d7280000,0x00000000d7280000,0x00000000d7680000)
 ParOldGen       total 68608K, used 4874K [0x0000000080000000, 0x0000000084300000, 0x00000000d5580000)
  object space 68608K, 7% used [0x0000000080000000,0x00000000804c2a78,0x0000000084300000)
 Metaspace       used 11562K, committed 11968K, reserved 1114112K
  class space    used 1220K, committed 1408K, reserved 1048576K
}
Event: 4.934 GC heap after
{Heap after GC invocations=4 (full 0):
 PSYoungGen      total 29696K, used 4086K [0x00000000d5580000, 0x00000000d7680000, 0x0000000100000000)
  eden space 25600K, 0% used [0x00000000d5580000,0x00000000d5580000,0x00000000d6e80000)
  from space 4096K, 99% used [0x00000000d7280000,0x00000000d767d8b8,0x00000000d7680000)
  to   space 4096K, 0% used [0x00000000d6e80000,0x00000000d6e80000,0x00000000d7280000)
 ParOldGen       total 68608K, used 6578K [0x0000000080000000, 0x0000000084300000, 0x00000000d5580000)
  object space 68608K, 9% used [0x0000000080000000,0x000000008066cab8,0x0000000084300000)
 Metaspace       used 11562K, committed 11968K, reserved 1114112K
  class space    used 1220K, committed 1408K, reserved 1048576K
}
Event: 5.587 GC heap before
{Heap before GC invocations=5 (full 0):
 PSYoungGen      total 29696K, used 29686K [0x00000000d5580000, 0x00000000d7680000, 0x0000000100000000)
  eden space 25600K, 100% used [0x00000000d5580000,0x00000000d6e80000,0x00000000d6e80000)
  from space 4096K, 99% used [0x00000000d7280000,0x00000000d767d8b8,0x00000000d7680000)
  to   space 4096K, 0% used [0x00000000d6e80000,0x00000000d6e80000,0x00000000d7280000)
 ParOldGen       total 68608K, used 6578K [0x0000000080000000, 0x0000000084300000, 0x00000000d5580000)
  object space 68608K, 9% used [0x0000000080000000,0x000000008066cab8,0x0000000084300000)
 Metaspace       used 15512K, committed 16192K, reserved 1114112K
  class space    used 1604K, committed 1920K, reserved 1048576K
}
Event: 6.596 GC heap after
{Heap after GC invocations=5 (full 0):
 PSYoungGen      total 29184K, used 4090K [0x00000000d5580000, 0x00000000d7a00000, 0x0000000100000000)
  eden space 25088K, 0% used [0x00000000d5580000,0x00000000d5580000,0x00000000d6e00000)
  from space 4096K, 99% used [0x00000000d6e80000,0x00000000d727ebf0,0x00000000d7280000)
  to   space 6144K, 0% used [0x00000000d7400000,0x00000000d7400000,0x00000000d7a00000)
 ParOldGen       total 68608K, used 8027K [0x0000000080000000, 0x0000000084300000, 0x00000000d5580000)
  object space 68608K, 11% used [0x0000000080000000,0x00000000807d6db8,0x0000000084300000)
 Metaspace       used 15512K, committed 16192K, reserved 1114112K
  class space    used 1604K, committed 1920K, reserved 1048576K
}

Dll operation events (10 events):
Event: 0.019 Loaded shared library c:\Users\bruno\.vscode\extensions\redhat.java-1.54.0-win32-x64\jre\21.0.10-win32-x86_64\bin\java.dll
Event: 1.003 Loaded shared library c:\Users\bruno\.vscode\extensions\redhat.java-1.54.0-win32-x64\jre\21.0.10-win32-x86_64\bin\zip.dll
Event: 1.038 Loaded shared library C:\Users\bruno\.vscode\extensions\redhat.java-1.54.0-win32-x64\jre\21.0.10-win32-x86_64\bin\instrument.dll
Event: 1.047 Loaded shared library C:\Users\bruno\.vscode\extensions\redhat.java-1.54.0-win32-x64\jre\21.0.10-win32-x86_64\bin\net.dll
Event: 1.053 Loaded shared library C:\Users\bruno\.vscode\extensions\redhat.java-1.54.0-win32-x64\jre\21.0.10-win32-x86_64\bin\nio.dll
Event: 1.058 Loaded shared library C:\Users\bruno\.vscode\extensions\redhat.java-1.54.0-win32-x64\jre\21.0.10-win32-x86_64\bin\zip.dll
Event: 1.105 Loaded shared library C:\Users\bruno\.vscode\extensions\redhat.java-1.54.0-win32-x64\jre\21.0.10-win32-x86_64\bin\jimage.dll
Event: 1.204 Loaded shared library c:\Users\bruno\.vscode\extensions\redhat.java-1.54.0-win32-x64\jre\21.0.10-win32-x86_64\bin\verify.dll
Event: 2.300 Loaded shared library C:\Users\bruno\AppData\Roaming\Code\User\globalStorage\redhat.java\1.54.0\config_win\org.eclipse.equinox.launcher\org.eclipse.equinox.launcher.win32.win32.x86_64_1.3.0.v20260203-2149\eclipse_11919.dll
Event: 8.760 Loaded shared library C:\Users\bruno\AppData\Local\Temp\jna-94017190\jna10646376877749032830.dll

Deoptimization events (20 events):
Event: 7.691 Thread 0x000001fd9c9e6950 Uncommon trap: trap_request=0xffffff45 fr.pc=0x000001fd48868790 relative=0x0000000000000670
Event: 7.691 Thread 0x000001fd9c9e6950 Uncommon trap: reason=unstable_if action=reinterpret pc=0x000001fd48868790 method=java.lang.String.replace(Ljava/lang/CharSequence;Ljava/lang/CharSequence;)Ljava/lang/String; @ 42 c2
Event: 7.691 Thread 0x000001fd9c9e6950 DEOPT PACKING pc=0x000001fd48868790 sp=0x00000030740f7520
Event: 7.691 Thread 0x000001fd9c9e6950 DEOPT UNPACKING pc=0x000001fd482e3aa2 sp=0x00000030740f74a0 mode 2
Event: 8.784 Thread 0x000001fd9c9e6950 Uncommon trap: trap_request=0xffffffc6 fr.pc=0x000001fd488ea54c relative=0x0000000000000b6c
Event: 8.784 Thread 0x000001fd9c9e6950 Uncommon trap: reason=bimorphic_or_optimized_type_check action=maybe_recompile pc=0x000001fd488ea54c method=java.util.HashMap.putVal(ILjava/lang/Object;Ljava/lang/Object;ZZ)Ljava/lang/Object; @ 91 c2
Event: 8.784 Thread 0x000001fd9c9e6950 DEOPT PACKING pc=0x000001fd488ea54c sp=0x00000030740f7ba0
Event: 8.784 Thread 0x000001fd9c9e6950 DEOPT UNPACKING pc=0x000001fd482e3aa2 sp=0x00000030740f7ac8 mode 2
Event: 9.831 Thread 0x000001fd9c9e6950 Uncommon trap: trap_request=0xffffff45 fr.pc=0x000001fd48994e24 relative=0x0000000000000084
Event: 9.831 Thread 0x000001fd9c9e6950 Uncommon trap: reason=unstable_if action=reinterpret pc=0x000001fd48994e24 method=java.lang.ref.SoftReference.get()Ljava/lang/Object; @ 6 c2
Event: 9.831 Thread 0x000001fd9c9e6950 DEOPT PACKING pc=0x000001fd48994e24 sp=0x00000030740f9420
Event: 9.831 Thread 0x000001fd9c9e6950 DEOPT UNPACKING pc=0x000001fd482e3aa2 sp=0x00000030740f93b8 mode 2
Event: 9.845 Thread 0x000001fd9ccadc40 Uncommon trap: trap_request=0xffffff45 fr.pc=0x000001fd4893ade0 relative=0x00000000000000c0
Event: 9.845 Thread 0x000001fd9ccadc40 Uncommon trap: reason=unstable_if action=reinterpret pc=0x000001fd4893ade0 method=java.util.concurrent.locks.ReentrantLock$NonfairSync.initialTryLock()Z @ 25 c2
Event: 9.845 Thread 0x000001fd9ccadc40 DEOPT PACKING pc=0x000001fd4893ade0 sp=0x00000030745fdd20
Event: 9.845 Thread 0x000001fd9ccadc40 DEOPT UNPACKING pc=0x000001fd482e3aa2 sp=0x00000030745fdca0 mode 2
Event: 10.888 Thread 0x000001fd9c9e6950 Uncommon trap: trap_request=0xffffff45 fr.pc=0x000001fd4895e610 relative=0x0000000000000070
Event: 10.888 Thread 0x000001fd9c9e6950 Uncommon trap: reason=unstable_if action=reinterpret pc=0x000001fd4895e610 method=java.lang.ref.ReferenceQueue.poll()Ljava/lang/ref/Reference; @ 4 c2
Event: 10.888 Thread 0x000001fd9c9e6950 DEOPT PACKING pc=0x000001fd4895e610 sp=0x00000030740f2dc0
Event: 10.888 Thread 0x000001fd9c9e6950 DEOPT UNPACKING pc=0x000001fd482e3aa2 sp=0x00000030740f2d48 mode 2

Classes loaded (20 events):
Event: 8.770 Loading class java/lang/Class$AnnotationData
Event: 8.770 Loading class java/lang/Class$AnnotationData done
Event: 8.771 Loading class jdk/internal/reflect/MethodHandleIntegerFieldAccessorImpl
Event: 8.771 Loading class jdk/internal/reflect/MethodHandleIntegerFieldAccessorImpl done
Event: 8.777 Loading class java/io/PrintWriter
Event: 8.778 Loading class java/io/PrintWriter done
Event: 8.783 Loading class jdk/internal/reflect/MethodHandleShortFieldAccessorImpl
Event: 8.783 Loading class jdk/internal/reflect/MethodHandleShortFieldAccessorImpl done
Event: 8.783 Loading class java/lang/Short$ShortCache
Event: 8.783 Loading class java/lang/Short$ShortCache done
Event: 8.802 Loading class java/util/function/LongUnaryOperator
Event: 8.802 Loading class java/util/function/LongUnaryOperator done
Event: 8.803 Loading class java/lang/ThreadDeath
Event: 8.803 Loading class java/lang/ThreadDeath done
Event: 9.835 Loading class java/util/stream/SortedOps$SizedRefSortingSink
Event: 9.836 Loading class java/util/stream/SortedOps$SizedRefSortingSink done
Event: 9.838 Loading class java/io/DataOutputStream
Event: 9.838 Loading class java/io/DataOutputStream done
Event: 10.876 Loading class java/util/concurrent/atomic/Striped64$1
Event: 10.876 Loading class java/util/concurrent/atomic/Striped64$1 done

Classes unloaded (0 events):
No events

Classes redefined (0 events):
No events

Internal exceptions (20 events):
Event: 6.604 Thread 0x000001fd9c9e6950 Exception <a 'java/lang/NoSuchMethodError'{0x00000000d55e00e8}: 'java.lang.Object java.lang.invoke.DirectMethodHandle$Holder.newInvokeSpecial(java.lang.Object, java.lang.Object, java.lang.Object, java.lang.Object, java.lang.Object)'> (0x00000000d55e00e8) 
thrown [s\src\hotspot\share\interpreter\linkResolver.cpp, line 773]
Event: 7.661 Thread 0x000001fd9c9e6950 Exception <a 'java/lang/NoSuchMethodError'{0x00000000d57ab6c8}: 'java.lang.Object java.lang.invoke.DirectMethodHandle$Holder.invokeStaticInit(java.lang.Object, int)'> (0x00000000d57ab6c8) 
thrown [s\src\hotspot\share\interpreter\linkResolver.cpp, line 773]
Event: 7.694 Thread 0x000001fd9c9e6950 Exception <a 'java/lang/NoSuchMethodError'{0x00000000d5a28730}: 'java.lang.Object java.lang.invoke.DirectMethodHandle$Holder.invokeStaticInit(java.lang.Object, int, int, int, int)'> (0x00000000d5a28730) 
thrown [s\src\hotspot\share\interpreter\linkResolver.cpp, line 773]
Event: 8.724 Thread 0x000001fd9c9e6950 Exception <a 'java/lang/NoSuchMethodError'{0x00000000d5b79140}: 'java.lang.Object java.lang.invoke.DirectMethodHandle$Holder.invokeStaticInit(java.lang.Object, java.lang.Object, int, int, int, int)'> (0x00000000d5b79140) 
thrown [s\src\hotspot\share\interpreter\linkResolver.cpp, line 773]
Event: 8.771 Thread 0x000001fd9c9e6950 Exception <a 'java/lang/NoSuchMethodError'{0x00000000d5c9b240}: 'void java.lang.invoke.DirectMethodHandle$Holder.invokeSpecial(java.lang.Object, java.lang.Object, java.lang.Object, int)'> (0x00000000d5c9b240) 
thrown [s\src\hotspot\share\interpreter\linkResolver.cpp, line 773]
Event: 8.771 Thread 0x000001fd9c9e6950 Exception <a 'java/lang/NoSuchMethodError'{0x00000000d5c9ebd0}: 'void java.lang.invoke.DelegatingMethodHandle$Holder.reinvoke_L(java.lang.Object, java.lang.Object, int)'> (0x00000000d5c9ebd0) 
thrown [s\src\hotspot\share\interpreter\linkResolver.cpp, line 773]
Event: 8.772 Thread 0x000001fd9c9e6950 Exception <a 'java/lang/NoSuchMethodError'{0x00000000d5ca58b8}: 'int java.lang.invoke.Invokers$Holder.invokeExact_MT(java.lang.Object, java.lang.Object, java.lang.Object)'> (0x00000000d5ca58b8) 
thrown [s\src\hotspot\share\interpreter\linkResolver.cpp, line 773]
Event: 8.785 Thread 0x000001fd9c9e6950 Exception <a 'java/lang/NoSuchMethodError'{0x00000000d5dca340}: 'void java.lang.invoke.Invokers$Holder.invokeExact_MT(java.lang.Object, java.lang.Object, int, java.lang.Object)'> (0x00000000d5dca340) 
thrown [s\src\hotspot\share\interpreter\linkResolver.cpp, line 773]
Event: 8.800 Thread 0x000001fd9c9e6950 Exception <a 'java/lang/NoSuchMethodError'{0x00000000d5ed5708}: 'java.lang.Object java.lang.invoke.DirectMethodHandle$Holder.invokeSpecial(java.lang.Object, java.lang.Object, java.lang.Object, long, java.lang.Object)'> (0x00000000d5ed5708) 
thrown [s\src\hotspot\share\interpreter\linkResolver.cpp, line 773]
Event: 8.801 Thread 0x000001fd9c9e6950 Exception <a 'java/lang/NoSuchMethodError'{0x00000000d5edcf50}: 'java.lang.Object java.lang.invoke.DirectMethodHandle$Holder.newInvokeSpecial(java.lang.Object, java.lang.Object, java.lang.Object, long)'> (0x00000000d5edcf50) 
thrown [s\src\hotspot\share\interpreter\linkResolver.cpp, line 773]
Event: 8.801 Thread 0x000001fd9c9e6950 Exception <a 'java/lang/NoSuchMethodError'{0x00000000d5ee1300}: 'java.lang.Object java.lang.invoke.DirectMethodHandle$Holder.invokeSpecial(java.lang.Object, java.lang.Object, java.lang.Object, java.lang.Object, long)'> (0x00000000d5ee1300) 
thrown [s\src\hotspot\share\interpreter\linkResolver.cpp, line 773]
Event: 8.801 Thread 0x000001fd9c9e6950 Exception <a 'java/lang/NoSuchMethodError'{0x00000000d5ee4f20}: 'java.lang.Object java.lang.invoke.Invokers$Holder.linkToTargetMethod(java.lang.Object, java.lang.Object, long, java.lang.Object)'> (0x00000000d5ee4f20) 
thrown [s\src\hotspot\share\interpreter\linkResolver.cpp, line 773]
Event: 9.833 Thread 0x000001fd9c9e6950 Exception <a 'java/lang/NoSuchMethodError'{0x00000000d5f5f2c8}: 'int java.lang.invoke.DirectMethodHandle$Holder.invokeStaticInit(java.lang.Object, java.lang.Object, java.lang.Object)'> (0x00000000d5f5f2c8) 
thrown [s\src\hotspot\share\interpreter\linkResolver.cpp, line 773]
Event: 9.841 Thread 0x000001fd9c9e6950 Exception <a 'java/lang/IncompatibleClassChangeError'{0x00000000d6016fc8}: Found class java.lang.Object, but interface was expected> (0x00000000d6016fc8) 
thrown [s\src\hotspot\share\interpreter\linkResolver.cpp, line 840]
Event: 9.843 Thread 0x000001fd9c9e6950 Exception <a 'java/lang/NoSuchMethodError'{0x00000000d6026a40}: 'java.lang.Object java.lang.invoke.DirectMethodHandle$Holder.invokeSpecial(java.lang.Object, java.lang.Object, java.lang.Object, int, java.lang.Object, java.lang.Object)'> (0x00000000d6026a40) 
thrown [s\src\hotspot\share\interpreter\linkResolver.cpp, line 773]
Event: 9.843 Thread 0x000001fd9c9e6950 Exception <a 'java/lang/NoSuchMethodError'{0x00000000d602e458}: 'java.lang.Object java.lang.invoke.DirectMethodHandle$Holder.newInvokeSpecial(java.lang.Object, java.lang.Object, java.lang.Object, int, java.lang.Object)'> (0x00000000d602e458) 
thrown [s\src\hotspot\share\interpreter\linkResolver.cpp, line 773]
Event: 9.844 Thread 0x000001fd9c9e6950 Exception <a 'java/lang/NoSuchMethodError'{0x00000000d60323d8}: 'java.lang.Object java.lang.invoke.DirectMethodHandle$Holder.invokeSpecial(java.lang.Object, java.lang.Object, java.lang.Object, java.lang.Object, int, java.lang.Object)'> (0x00000000d60323d8) 
thrown [s\src\hotspot\share\interpreter\linkResolver.cpp, line 773]
Event: 9.844 Thread 0x000001fd9c9e6950 Exception <a 'java/lang/NoSuchMethodError'{0x00000000d6035f18}: 'java.lang.Object java.lang.invoke.Invokers$Holder.linkToTargetMethod(java.lang.Object, java.lang.Object, int, java.lang.Object, java.lang.Object)'> (0x00000000d6035f18) 
thrown [s\src\hotspot\share\interpreter\linkResolver.cpp, line 773]
Event: 9.844 Thread 0x000001fd9ccadc40 Exception <a 'java/lang/NoSuchMethodError'{0x00000000d5f121e0}: 'java.lang.Object java.lang.invoke.DirectMethodHandle$Holder.invokeSpecial(java.lang.Object, java.lang.Object, int, java.lang.Object, java.lang.Object)'> (0x00000000d5f121e0) 
thrown [s\src\hotspot\share\interpreter\linkResolver.cpp, line 773]
Event: 10.878 Thread 0x000001fd9c9e6950 Exception <a 'java/lang/NoSuchMethodError'{0x00000000d618dd90}: 'void java.lang.invoke.DirectMethodHandle$Holder.invokeSpecial(java.lang.Object, java.lang.Object, java.lang.Object, java.lang.Object, java.lang.Object)'> (0x00000000d618dd90) 
thrown [s\src\hotspot\share\interpreter\linkResolver.cpp, line 773]

ZGC Phase Switch (0 events):
No events

VM Operations (20 events):
Event: 5.503 Executing safepoint VM operation: ICBufferFull
Event: 5.504 Executing safepoint VM operation: ICBufferFull done
Event: 5.562 Executing non-safepoint VM operation: HandshakeAllThreads (Deoptimize)
Event: 5.562 Executing non-safepoint VM operation: HandshakeAllThreads (Deoptimize) done
Event: 5.587 Executing safepoint VM operation: ParallelGCFailedAllocation (Allocation Failure)
Event: 6.596 Executing safepoint VM operation: ParallelGCFailedAllocation (Allocation Failure) done
Event: 7.605 Executing safepoint VM operation: Cleanup
Event: 7.637 Executing safepoint VM operation: Cleanup done
Event: 7.708 Executing non-safepoint VM operation: HandshakeAllThreads (Deoptimize)
Event: 7.708 Executing non-safepoint VM operation: HandshakeAllThreads (Deoptimize) done
Event: 8.723 Executing safepoint VM operation: Cleanup
Event: 8.723 Executing safepoint VM operation: Cleanup done
Event: 8.765 Executing non-safepoint VM operation: HandshakeAllThreads (Deoptimize)
Event: 8.765 Executing non-safepoint VM operation: HandshakeAllThreads (Deoptimize) done
Event: 9.764 Executing safepoint VM operation: Cleanup
Event: 9.825 Executing safepoint VM operation: Cleanup done
Event: 10.840 Executing safepoint VM operation: Cleanup
Event: 10.872 Executing safepoint VM operation: Cleanup done
Event: 11.881 Executing safepoint VM operation: Cleanup
Event: 11.881 Executing safepoint VM operation: Cleanup done

Memory protections (0 events):
No events

Nmethod flushes (0 events):
No events

Events (20 events):
Event: 1.012 Thread 0x000001fd969e6540 Thread added: 0x000001fd96be38c0
Event: 1.041 Thread 0x000001fd3db6d350 Thread added: 0x000001fd96c2dc80
Event: 1.355 Thread 0x000001fd3db6d350 Thread added: 0x000001fd96ca5bb0
Event: 1.444 Thread 0x000001fd969e6540 Thread added: 0x000001fd9c169800
Event: 2.161 Thread 0x000001fd3db6d350 Thread added: 0x000001fd9c167720
Event: 2.291 Thread 0x000001fd3db6d350 Thread added: 0x000001fd9c87f540
Event: 2.314 Thread 0x000001fd9c87f540 Thread added: 0x000001fd9ccb1c00
Event: 2.316 Thread 0x000001fd3db6d350 Thread added: 0x000001fd9c9e6950
Event: 2.646 Thread 0x000001fd9c9e6950 Thread added: 0x000001fd9c896df0
Event: 2.999 Thread 0x000001fd9c169800 Thread exited: 0x000001fd9c169800
Event: 2.999 Thread 0x000001fd96be38c0 Thread exited: 0x000001fd96be38c0
Event: 4.907 Thread 0x000001fd9c9e6950 Thread added: 0x000001fd9d322c20
Event: 5.056 Thread 0x000001fd969e6540 Thread added: 0x000001fd9cffddb0
Event: 5.056 Thread 0x000001fd969e6540 Thread added: 0x000001fd9cf2f270
Event: 5.223 Thread 0x000001fd9cf2f270 Thread exited: 0x000001fd9cf2f270
Event: 5.366 Thread 0x000001fd9cffddb0 Thread exited: 0x000001fd9cffddb0
Event: 5.392 Thread 0x000001fd9c9e6950 Thread added: 0x000001fd9d24acc0
Event: 8.776 Thread 0x000001fd9c9e6950 Thread added: 0x000001fd9ccac200
Event: 9.827 Thread 0x000001fd9c9e6950 Thread added: 0x000001fd9ccadc40
Event: 9.845 Thread 0x000001fd9c9e6950 Thread added: 0x000001fd9ccacf20


Dynamic libraries:
0x00007ff63d880000 - 0x00007ff63d88e000 	c:\Users\bruno\.vscode\extensions\redhat.java-1.54.0-win32-x64\jre\21.0.10-win32-x86_64\bin\java.exe
0x00007ff849be0000 - 0x00007ff849e46000 	C:\windows\SYSTEM32\ntdll.dll
0x00007ff848850000 - 0x00007ff848919000 	C:\windows\System32\KERNEL32.DLL
0x00007ff8473d0000 - 0x00007ff8477ca000 	C:\windows\System32\KERNELBASE.dll
0x00007ff843860000 - 0x00007ff843900000 	C:\windows\SYSTEM32\apphelp.dll
0x00007ff8477d0000 - 0x00007ff84791c000 	C:\windows\System32\ucrtbase.dll
0x00007ff8321b0000 - 0x00007ff8321c8000 	c:\Users\bruno\.vscode\extensions\redhat.java-1.54.0-win32-x64\jre\21.0.10-win32-x86_64\bin\jli.dll
0x00007ff848d30000 - 0x00007ff848ef7000 	C:\windows\System32\USER32.dll
0x00007ff847920000 - 0x00007ff847947000 	C:\windows\System32\win32u.dll
0x00007ff847bf0000 - 0x00007ff847c1b000 	C:\windows\System32\GDI32.dll
0x00007ff847210000 - 0x00007ff84733b000 	C:\windows\System32\gdi32full.dll
0x00007ff846e70000 - 0x00007ff846f13000 	C:\windows\System32\msvcp_win.dll
0x00007ff82e730000 - 0x00007ff82e74e000 	c:\Users\bruno\.vscode\extensions\redhat.java-1.54.0-win32-x64\jre\21.0.10-win32-x86_64\bin\VCRUNTIME140.dll
0x00007ff822b80000 - 0x00007ff822e12000 	C:\windows\WinSxS\amd64_microsoft.windows.common-controls_6595b64144ccf1df_6.0.26100.8521_none_3e08b75ce33403b3\COMCTL32.dll
0x00007ff849af0000 - 0x00007ff849b99000 	C:\windows\System32\msvcrt.dll
0x00007ff847c20000 - 0x00007ff847c52000 	C:\windows\System32\IMM32.DLL
0x00007ff83d980000 - 0x00007ff83d98c000 	c:\Users\bruno\.vscode\extensions\redhat.java-1.54.0-win32-x64\jre\21.0.10-win32-x86_64\bin\vcruntime140_1.dll
0x00007fffc41e0000 - 0x00007fffc426d000 	c:\Users\bruno\.vscode\extensions\redhat.java-1.54.0-win32-x64\jre\21.0.10-win32-x86_64\bin\msvcp140.dll
0x00007fff70680000 - 0x00007fff71421000 	c:\Users\bruno\.vscode\extensions\redhat.java-1.54.0-win32-x64\jre\21.0.10-win32-x86_64\bin\server\jvm.dll
0x00007ff849420000 - 0x00007ff8494d6000 	C:\windows\System32\ADVAPI32.dll
0x00007ff8485a0000 - 0x00007ff84864a000 	C:\windows\System32\sechost.dll
0x00007ff849830000 - 0x00007ff849948000 	C:\windows\System32\RPCRT4.dll
0x00007ff847980000 - 0x00007ff847a00000 	C:\windows\System32\WS2_32.dll
0x00007ff837ef0000 - 0x00007ff837f26000 	C:\windows\SYSTEM32\WINMM.dll
0x00007ff846650000 - 0x00007ff8466ae000 	C:\windows\SYSTEM32\POWRPROF.dll
0x00007ff83e040000 - 0x00007ff83e04b000 	C:\windows\SYSTEM32\VERSION.dll
0x00007ff846630000 - 0x00007ff846644000 	C:\windows\SYSTEM32\UMPDC.dll
0x00007ff845c00000 - 0x00007ff845c1b000 	C:\windows\SYSTEM32\kernel.appcore.dll
0x00007ff835190000 - 0x00007ff83519a000 	c:\Users\bruno\.vscode\extensions\redhat.java-1.54.0-win32-x64\jre\21.0.10-win32-x86_64\bin\jimage.dll
0x00007ff8445e0000 - 0x00007ff844822000 	C:\windows\SYSTEM32\DBGHELP.DLL
0x00007ff8489a0000 - 0x00007ff848d23000 	C:\windows\System32\combase.dll
0x00007ff848660000 - 0x00007ff848739000 	C:\windows\System32\OLEAUT32.dll
0x00007ff80edd0000 - 0x00007ff80ee0b000 	C:\windows\SYSTEM32\dbgcore.DLL
0x00007ff846f20000 - 0x00007ff846fc8000 	C:\windows\System32\bcryptPrimitives.dll
0x00007ff82f430000 - 0x00007ff82f43f000 	c:\Users\bruno\.vscode\extensions\redhat.java-1.54.0-win32-x64\jre\21.0.10-win32-x86_64\bin\instrument.dll
0x00007ff8253c0000 - 0x00007ff8253e0000 	c:\Users\bruno\.vscode\extensions\redhat.java-1.54.0-win32-x64\jre\21.0.10-win32-x86_64\bin\java.dll
0x00007ff847e10000 - 0x00007ff848594000 	C:\windows\System32\SHELL32.dll
0x00007ff844a00000 - 0x00007ff845280000 	C:\windows\SYSTEM32\windows.storage.dll
0x00007ff848750000 - 0x00007ff848846000 	C:\windows\System32\SHCORE.dll
0x00007ff8497b0000 - 0x00007ff849817000 	C:\windows\System32\shlwapi.dll
0x00007ff846d90000 - 0x00007ff846db9000 	C:\windows\SYSTEM32\profapi.dll
0x00007ff821550000 - 0x00007ff821568000 	c:\Users\bruno\.vscode\extensions\redhat.java-1.54.0-win32-x64\jre\21.0.10-win32-x86_64\bin\zip.dll
0x00007ff82e5d0000 - 0x00007ff82e5e0000 	C:\Users\bruno\.vscode\extensions\redhat.java-1.54.0-win32-x64\jre\21.0.10-win32-x86_64\bin\net.dll
0x00007ff83f460000 - 0x00007ff83f589000 	C:\windows\SYSTEM32\WINHTTP.dll
0x00007ff846170000 - 0x00007ff8461dc000 	C:\windows\system32\mswsock.dll
0x00007ff820b80000 - 0x00007ff820b96000 	C:\Users\bruno\.vscode\extensions\redhat.java-1.54.0-win32-x64\jre\21.0.10-win32-x86_64\bin\nio.dll
0x00007ff82df90000 - 0x00007ff82dfa0000 	c:\Users\bruno\.vscode\extensions\redhat.java-1.54.0-win32-x64\jre\21.0.10-win32-x86_64\bin\verify.dll
0x00007fffc4fd0000 - 0x00007fffc5015000 	C:\Users\bruno\AppData\Roaming\Code\User\globalStorage\redhat.java\1.54.0\config_win\org.eclipse.equinox.launcher\org.eclipse.equinox.launcher.win32.win32.x86_64_1.3.0.v20260203-2149\eclipse_11919.dll
0x00007ff849950000 - 0x00007ff849ae8000 	C:\windows\System32\ole32.dll
0x00007ff8464c0000 - 0x00007ff8464db000 	C:\windows\SYSTEM32\CRYPTSP.dll
0x00007ff845b60000 - 0x00007ff845b99000 	C:\windows\system32\rsaenh.dll
0x00007ff846220000 - 0x00007ff846253000 	C:\windows\SYSTEM32\USERENV.dll
0x00007ff846d60000 - 0x00007ff846d8a000 	C:\windows\SYSTEM32\bcrypt.dll
0x00007ff8464e0000 - 0x00007ff8464ec000 	C:\windows\SYSTEM32\CRYPTBASE.dll
0x00007ff8455b0000 - 0x00007ff8455e3000 	C:\windows\SYSTEM32\IPHLPAPI.DLL
0x00007ff849820000 - 0x00007ff84982a000 	C:\windows\System32\NSI.dll
0x00007fffc5270000 - 0x00007fffc52b9000 	C:\Users\bruno\AppData\Local\Temp\jna-94017190\jna10646376877749032830.dll
0x00007ff848650000 - 0x00007ff848658000 	C:\windows\System32\PSAPI.DLL

JVMTI agents:
c:\Users\bruno\.vscode\extensions\redhat.java-1.54.0-win32-x64\lombok\lombok-1.18.39-4050.jar path:c:\Users\bruno\.vscode\extensions\redhat.java-1.54.0-win32-x64\jre\21.0.10-win32-x86_64\bin\instrument.dll, loaded, initialized, instrumentlib options:none

dbghelp: loaded successfully - version: 4.0.5 - missing functions: none
symbol engine: initialized successfully - sym options: 0x614 - pdb path: .;c:\Users\bruno\.vscode\extensions\redhat.java-1.54.0-win32-x64\jre\21.0.10-win32-x86_64\bin;C:\windows\SYSTEM32;C:\windows\WinSxS\amd64_microsoft.windows.common-controls_6595b64144ccf1df_6.0.26100.8521_none_3e08b75ce33403b3;c:\Users\bruno\.vscode\extensions\redhat.java-1.54.0-win32-x64\jre\21.0.10-win32-x86_64\bin\server;C:\Users\bruno\AppData\Roaming\Code\User\globalStorage\redhat.java\1.54.0\config_win\org.eclipse.equinox.launcher\org.eclipse.equinox.launcher.win32.win32.x86_64_1.3.0.v20260203-2149;C:\Users\bruno\AppData\Local\Temp\jna-94017190

VM Arguments:
jvm_args: --add-modules=ALL-SYSTEM --add-opens=java.base/java.util=ALL-UNNAMED --add-opens=java.base/java.lang=ALL-UNNAMED --add-opens=java.base/sun.nio.fs=ALL-UNNAMED -Declipse.application=org.eclipse.jdt.ls.core.id1 -Dosgi.bundles.defaultStartLevel=4 -Declipse.product=org.eclipse.jdt.ls.core.product -Djava.import.generatesMetadataFilesAtProjectRoot=false -DDetectVMInstallationsJob.disabled=true -Dfile.encoding=utf8 -XX:+UseParallelGC -XX:GCTimeRatio=4 -XX:AdaptiveSizePolicyWeight=90 -Dsun.zip.disableMemoryMapping=true -Xmx2G -Xms100m -Xlog:disable -javaagent:c:\Users\bruno\.vscode\extensions\redhat.java-1.54.0-win32-x64\lombok\lombok-1.18.39-4050.jar -XX:+HeapDumpOnOutOfMemoryError -XX:HeapDumpPath=c:\Users\bruno\AppData\Roaming\Code\User\workspaceStorage\afadeac2608f202320bfb978e9fab486\redhat.java -Daether.dependencyCollector.impl=bf 
java_command: c:\Users\bruno\.vscode\extensions\redhat.java-1.54.0-win32-x64\server\plugins\org.eclipse.equinox.launcher_1.7.100.v20251111-0406.jar -configuration c:\Users\bruno\AppData\Roaming\Code\User\globalStorage\redhat.java\1.54.0\config_win -data c:\Users\bruno\AppData\Roaming\Code\User\workspaceStorage\afadeac2608f202320bfb978e9fab486\redhat.java\jdt_ws --pipe=\\.\pipe\lsp-996cb30a7279d47769800d3c9471f0e7-sock
java_class_path (initial): c:\Users\bruno\.vscode\extensions\redhat.java-1.54.0-win32-x64\server\plugins\org.eclipse.equinox.launcher_1.7.100.v20251111-0406.jar
Launcher Type: SUN_STANDARD

[Global flags]
    uintx AdaptiveSizePolicyWeight                 = 90                                        {product} {command line}
     intx CICompilerCount                          = 4                                         {product} {ergonomic}
    uintx GCTimeRatio                              = 4                                         {product} {command line}
     bool HeapDumpOnOutOfMemoryError               = true                                   {manageable} {command line}
    ccstr HeapDumpPath                             = c:\Users\bruno\AppData\Roaming\Code\User\workspaceStorage\afadeac2608f202320bfb978e9fab486\redhat.java         {manageable} {command line}
   size_t InitialHeapSize                          = 104857600                                 {product} {command line}
   size_t MaxHeapSize                              = 2147483648                                {product} {command line}
   size_t MaxNewSize                               = 715653120                                 {product} {ergonomic}
   size_t MinHeapDeltaBytes                        = 524288                                    {product} {ergonomic}
   size_t MinHeapSize                              = 104857600                                 {product} {command line}
   size_t NewSize                                  = 34603008                                  {product} {ergonomic}
    uintx NonNMethodCodeHeapSize                   = 5839372                                {pd product} {ergonomic}
    uintx NonProfiledCodeHeapSize                  = 122909434                              {pd product} {ergonomic}
   size_t OldSize                                  = 70254592                                  {product} {ergonomic}
    uintx ProfiledCodeHeapSize                     = 122909434                              {pd product} {ergonomic}
    uintx ReservedCodeCacheSize                    = 251658240                              {pd product} {ergonomic}
     bool SegmentedCodeCache                       = true                                      {product} {ergonomic}
   size_t SoftMaxHeapSize                          = 2147483648                             {manageable} {ergonomic}
     bool UseCompressedOops                        = true                           {product lp64_product} {ergonomic}
     bool UseLargePagesIndividualAllocation        = false                                  {pd product} {ergonomic}
     bool UseParallelGC                            = true                                      {product} {command line}

Logging:
Log output configuration:
 #0: stdout all=off uptime,level,tags foldmultilines=false
 #1: stderr all=off uptime,level,tags foldmultilines=false

Release file:
JAVA_VERSION="21.0.10" 
MODULES="java.base java.compiler java.datatransfer java.xml java.prefs java.desktop java.instrument java.logging java.management java.security.sasl java.naming java.rmi java.management.rmi java.net.http java.scripting java.security.jgss java.transaction.xa java.sql java.sql.rowset java.xml.crypto java.se java.smartcardio jdk.accessibility jdk.internal.jvmstat jdk.attach jdk.charsets jdk.internal.opt jdk.zipfs jdk.compiler jdk.crypto.ec jdk.crypto.cryptoki jdk.crypto.mscapi jdk.dynalink jdk.internal.ed jdk.editpad jdk.hotspot.agent jdk.httpserver jdk.internal.le jdk.internal.vm.ci jdk.internal.vm.compiler jdk.internal.vm.compiler.management jdk.jartool jdk.javadoc jdk.jcmd jdk.management jdk.management.agent jdk.jconsole jdk.jdeps jdk.jdwp.agent jdk.jdi jdk.jfr jdk.jshell jdk.jsobject jdk.jstatd jdk.localedata jdk.management.jfr jdk.naming.dns jdk.naming.rmi jdk.net jdk.nio.mapmode jdk.random jdk.sctp jdk.security.auth jdk.security.jgss jdk.unsupported jdk.unsupported.desktop jdk.xml.dom" 

Environment Variables:
PATH=C:\Program Files\Common Files\Oracle\Java\javapath;C:\windows\system32;C:\windows;C:\windows\System32\Wbem;C:\windows\System32\WindowsPowerShell\v1.0\;C:\windows\System32\OpenSSH\;C:\Program Files (x86)\NVIDIA Corporation\PhysX\Common;C:\Program Files\NVIDIA Corporation\NVIDIA App\NvDLISR;C:\Users\Administrator\AppData\Local\Microsoft\WindowsApps;C:\Program Files\HP\OMEN-Broadcast\Common;C:\Program Files\Microsoft SQL Server\170\Tools\Binn\;C:\Program Files\Microsoft SQL Server\Client SDK\ODBC\170\Tools\Binn\;C:\Program Files\dotnet\;C:\Program Files\Git\cmd;C:\Dev\Tools\maven\apache-maven-3.9.14\bin;C:\Program Files\nodejs\;C:\Users\bruno\AppData\Local\Microsoft\WindowsApps;C:\Users\bruno\.dotnet\tools;C:\Users\bruno\AppData\Local\Programs\Microsoft VS Code\bin;C:\Program Files\JetBrains\IntelliJ IDEA Community Edition 2025.2.6.1\bin;C:\Users\bruno\AppData\Roaming\npm;C:\Program Files\PostgreSQL\18\bin;
USERNAME=bruno
OS=Windows_NT
PROCESSOR_IDENTIFIER=Intel64 Family 6 Model 186 Stepping 2, GenuineIntel
TMP=C:\Users\bruno\AppData\Local\Temp
TEMP=C:\Users\bruno\AppData\Local\Temp




Periodic native trim disabled

---------------  S Y S T E M  ---------------

OS:
 Windows 11 , 64 bit Build 26100 (10.0.26100.8521)
OS uptime: 4 days 5:55 hours
Hyper-V role detected

CPU: total 12 (initial active 12) (6 cores per cpu, 2 threads per core) family 6 model 186 stepping 2 microcode 0x6134, cx8, cmov, fxsr, ht, mmx, 3dnowpref, sse, sse2, sse3, ssse3, sse4.1, sse4.2, popcnt, lzcnt, tsc, tscinvbit, avx, avx2, aes, erms, clmul, bmi1, bmi2, adx, sha, fma, vzeroupper, clflush, clflushopt, clwb, hv, serialize, rdtscp, rdpid, fsrm, f16c, cet_ibt, cet_ss
Processor Information for the first 12 processors :
  Max Mhz: 2100, Current Mhz: 2100, Mhz Limit: 2100

Memory: 4k page, system-wide physical 16013M (783M free)
TotalPageFile size 24205M (AvailPageFile size 35M)
current process WorkingSet (physical memory assigned to process): 135M, peak: 136M
current process commit charge ("private bytes"): 280M, peak: 283M

vm_info: OpenJDK 64-Bit Server VM (21.0.10+7-LTS) for windows-amd64 JRE (21.0.10+7-LTS), built on 2026-01-20T00:00:00Z by "admin" with MS VC++ 17.12 (VS2022)

END.
